
> sohee-landing@1.0.0 deploy
> opennextjs-cloudflare deploy


┌──────────────────────────────┐
│ OpenNext — Cloudflare deploy │
└──────────────────────────────┘

(node:76135) [DEP0040] DeprecationWarning: The `punycode` module is deprecated. Please use a userland alternative instead.
(Use `node --trace-deprecation ...` to show where the warning was created)
Incremental cache does not need populating
Tag cache does not need populating

 ⛅️ wrangler 4.143.0
────────────────────
🌀 Building list of assets...
✨ Read 46 files from the assets directory /Volumes/Development/소희 프로젝트/landing/.open-next/assets
🌀 Starting asset upload...
🌀 Found 17 new or modified static assets to upload. Proceeding with upload...
+ /landing/BUILD_ID
+ /landing/_next/static/chunks/next/dist/client/components/builtin/app-error-58fc29e2484f2ff7.js
+ /landing/_next/static/T30wV8iQKAhIwUix8kdV5/_buildManifest.js
+ /landing/_next/static/chunks/app/page-be258792647b0994.js
+ /landing/_next/static/chunks/polyfills-42372ed130431b0a.js
+ /landing/_next/static/chunks/framework-0f597d6e68ffafed.js
+ /landing/_headers
+ /landing/_next/static/chunks/next/dist/client/components/builtin/global-error-6e0f276bd138b48e.js
+ /landing/_next/static/chunks/main-app-a66c97157eff2c8f.js
+ /landing/_next/static/css/c5cb8538f96604e6.css
+ /landing/_next/static/chunks/main-825c7b62758f6c20.js
+ /landing/_next/static/chunks/794-20ba710f65de96d7.js
+ /landing/_next/static/T30wV8iQKAhIwUix8kdV5/_ssgManifest.js
+ /landing/_next/static/chunks/app/layout-bdd22d2c5e5d187c.js
+ /landing/_next/static/chunks/webpack-6dad1d30f030af1c.js
+ /landing/_next/static/chunks/266-50792515b6e193d9.js
+ /landing/_next/static/chunks/4bd1b696-92152b0f5947070d.js
Uploaded 5 of 17 assets
Uploaded 11 of 17 assets
Uploaded 17 of 17 assets
✨ Success! Uploaded 17 files (12 already uploaded) (1.85 sec)

Total Upload: 4716.21 KiB / gzip: 980.37 KiB
Worker Startup Time: 18 ms
Your Worker has access to the following bindings:
Binding                                        Resource      
env.WORKER_SELF_REFERENCE (sohee-landing)      Worker        
env.ASSETS                                     Assets        

Uploaded sohee-landing (9.53 sec)
Deployed sohee-landing triggers (1.48 sec)
  https://sohee-landing.true1011.workers.dev
  sohee.ai.kr/landing (zone id: bce86a3a437596e88e16c53ae1735262)
  sohee.ai.kr/landing/* (zone id: bce86a3a437596e88e16c53ae1735262)
Current Version ID: be77b6b7-30eb-48f4-a625-84474e06de7b
[33m▲ [43;33m[[43;30mWARNING[43;33m][0m [1mWarning: The following routes will attempt to serve Assets on a configured path:[0m

    • sohee.ai.kr/landing (Will match assets: .open-next/assets/landing)
    • sohee.ai.kr/landing/* (Will match assets: .open-next/assets/landing/*)
  
  Requests not matching an asset will be forwarded to the Worker's code.


